../Core/Src/main.c:111:5:main	8	static
../Core/Src/main.c:203:6:SystemClock_Config	88	static
../Core/Src/main.c:245:13:MX_I2C1_Init	8	static
../Core/Src/main.c:279:13:MX_USART1_UART_Init	8	static
../Core/Src/main.c:312:13:MX_GPIO_Init	48	static
../Core/Src/main.c:336:6:add_elem	24	static
../Core/Src/main.c:350:7:get_elem	16	static
../Core/Src/main.c:371:6:StartTaskDataIn	24	static
../Core/Src/main.c:410:6:StartTaskDataOut	48	static
../Core/Src/main.c:443:6:Error_Handler	4	static,ignoring_inline_asm
