../Core/Src/main.c:150:16:filter	56	static
../Core/Src/main.c:180:5:main	32	static
../Core/Src/main.c:409:6:SystemClock_Config	88	static
../Core/Src/main.c:455:13:MX_ADC1_Init	24	static
../Core/Src/main.c:507:13:MX_I2C1_Init	8	static
../Core/Src/main.c:541:13:MX_SPI1_Init	8	static
../Core/Src/main.c:579:13:MX_TIM9_Init	24	static
../Core/Src/main.c:617:13:MX_TIM10_Init	8	static
../Core/Src/main.c:648:13:MX_USART1_UART_Init	8	static
../Core/Src/main.c:679:13:MX_DMA_Init	16	static
../Core/Src/main.c:697:13:MX_GPIO_Init	48	static
../Core/Src/main.c:772:6:HAL_TIM_PeriodElapsedCallback	16	static
../Core/Src/main.c:798:6:HAL_GPIO_EXTI_Callback	16	static
../Core/Src/main.c:813:6:StartTaskLEDBlink	16	static
../Core/Src/main.c:840:6:StartTaskButtonRead	16	static
../Core/Src/main.c:869:6:StartTaskBaroRead	32	static
../Core/Src/main.c:891:6:StartTaskUARTWrite	16	static
../Core/Src/main.c:909:6:Error_Handler	4	static,ignoring_inline_asm
