../Core/Src/main.c:74:16:filter	56	static
../Core/Src/main.c:103:5:main	48	static
../Core/Src/main.c:169:6:SystemClock_Config	88	static
../Core/Src/main.c:215:13:MX_ADC1_Init	24	static
../Core/Src/main.c:267:13:MX_I2C1_Init	8	static
../Core/Src/main.c:301:13:MX_TIM9_Init	24	static
../Core/Src/main.c:339:13:MX_TIM10_Init	8	static
../Core/Src/main.c:370:13:MX_USART1_UART_Init	8	static
../Core/Src/main.c:403:13:MX_GPIO_Init	48	static
../Core/Src/main.c:469:6:Error_Handler	4	static,ignoring_inline_asm
