../Core/Src/main.c:115:5:main	8	static
../Core/Src/main.c:223:6:SystemClock_Config	88	static
../Core/Src/main.c:269:13:MX_ADC1_Init	24	static
../Core/Src/main.c:321:13:MX_I2C1_Init	8	static
../Core/Src/main.c:355:13:MX_TIM9_Init	24	static
../Core/Src/main.c:393:13:MX_TIM10_Init	8	static
../Core/Src/main.c:424:13:MX_USART1_UART_Init	8	static
../Core/Src/main.c:457:13:MX_GPIO_Init	48	static
../Core/Src/main.c:529:6:StartTaskLEDBlink	48	static
../Core/Src/main.c:553:6:StartTaskButtonRead	120	static
../Core/Src/main.c:575:6:Error_Handler	4	static,ignoring_inline_asm
