../Core/Src/main.c:132:5:__io_getchar	16	static
../Core/Src/main.c:149:5:__io_putchar	16	static
../Core/Src/main.c:160:5:main	24	static
../Core/Src/main.c:307:6:SystemClock_Config	88	static
../Core/Src/main.c:353:13:MX_ADC1_Init	24	static
../Core/Src/main.c:405:13:MX_I2C1_Init	8	static
../Core/Src/main.c:439:13:MX_SPI1_Init	8	static
../Core/Src/main.c:477:13:MX_TIM9_Init	24	static
../Core/Src/main.c:515:13:MX_TIM10_Init	8	static
../Core/Src/main.c:546:13:MX_USART1_UART_Init	8	static
../Core/Src/main.c:579:13:MX_USART6_UART_Init	8	static
../Core/Src/main.c:610:13:MX_DMA_Init	16	static
../Core/Src/main.c:628:13:MX_GPIO_Init	48	static
../Core/Src/main.c:689:6:HAL_GPIO_EXTI_Callback	16	static
../Core/Src/main.c:753:6:Error_Handler	4	static,ignoring_inline_asm
