../Core/Src/main.c:156:5:main	8	static
../Core/Src/main.c:271:6:SystemClock_Config	88	static
../Core/Src/main.c:317:13:MX_ADC1_Init	24	static
../Core/Src/main.c:369:13:MX_I2C1_Init	8	static
../Core/Src/main.c:403:13:MX_SPI1_Init	8	static
../Core/Src/main.c:441:13:MX_TIM9_Init	24	static
../Core/Src/main.c:479:13:MX_TIM10_Init	8	static
../Core/Src/main.c:510:13:MX_USART1_UART_Init	8	static
../Core/Src/main.c:543:13:MX_USART6_UART_Init	8	static
../Core/Src/main.c:574:13:MX_DMA_Init	16	static
../Core/Src/main.c:595:13:MX_GPIO_Init	48	static
../Core/Src/main.c:628:6:HAL_GPIO_EXTI_Callback	16	static
../Core/Src/main.c:641:6:StartTaskWiFi	120	static
../Core/Src/main.c:704:6:StartTaskBaro	16	static
../Core/Src/main.c:730:6:StartTaskDefault	24	static
../Core/Src/main.c:799:6:Error_Handler	4	static,ignoring_inline_asm
