../Core/Src/stm32f4xx_it.c:74:6:NMI_Handler	4	static
../Core/Src/stm32f4xx_it.c:89:6:HardFault_Handler	4	static
../Core/Src/stm32f4xx_it.c:104:6:MemManage_Handler	4	static
../Core/Src/stm32f4xx_it.c:119:6:BusFault_Handler	4	static
../Core/Src/stm32f4xx_it.c:134:6:UsageFault_Handler	4	static
../Core/Src/stm32f4xx_it.c:149:6:DebugMon_Handler	4	static
../Core/Src/stm32f4xx_it.c:162:6:SysTick_Handler	8	static
../Core/Src/stm32f4xx_it.c:191:6:RCC_IRQHandler	4	static
../Core/Src/stm32f4xx_it.c:204:6:EXTI2_IRQHandler	8	static
../Core/Src/stm32f4xx_it.c:218:6:TIM1_BRK_TIM9_IRQHandler	8	static
../Core/Src/stm32f4xx_it.c:232:6:SPI1_IRQHandler	8	static
../Core/Src/stm32f4xx_it.c:246:6:EXTI15_10_IRQHandler	8	static
../Core/Src/stm32f4xx_it.c:260:6:DMA2_Stream2_IRQHandler	8	static
../Core/Src/stm32f4xx_it.c:274:6:USART6_IRQHandler	8	static
